{
  "Entries": [
    {
      "RequestUri": "https://endpoint/contentunderstanding/analyzers/test_analyzer_1762561599?api-version=2025-11-01",
      "RequestMethod": "PUT",
      "RequestHeaders": {
        "Accept": "application/json",
        "Accept-Encoding": "gzip,deflate",
        "Connection": "keep-alive",
        "Content-Length": "345",
        "Content-Type": "application/json",
        "Ocp-Apim-Subscription-Key": "Sanitized",
        "User-Agent": "azsdk-js-client azsdk-js-api azsdk-js-ai-content-understanding/1.0.0-beta.1 core-rest-pipeline/1.22.2 Node/22.21.0 (Linux 5.15.167.4-microsoft-standard-WSL2; x64)",
        "x-ms-client-request-id": "Sanitized"
      },
      "RequestBody": {
        "description": "Test analyzer for extraction",
        "baseAnalyzerId": "prebuilt-document",
        "config": {
          "returnDetails": true
        },
        "fieldSchema": {
          "name": "Sanitized",
          "description": "Schema for test",
          "fields": {
            "test_field": {
              "method": "extract",
              "type": "string",
              "description": "Test field"
            }
          }
        },
        "models": {
          "completion": "gpt-4o-mini",
          "embedding": "text-embedding-3-large"
        }
      },
      "StatusCode": 201,
      "ResponseHeaders": {
        "api-supported-versions": "2025-05-01-preview,2025-11-01",
        "apim-request-id": "92bc54d8-d4d6-4623-b4ef-aa2ce840d770",
        "Content-Type": "application/json",
        "Date": "Sat, 08 Nov 2025 00:26:39 GMT",
        "Operation-Location": "https://endpoint/contentunderstanding/analyzers/test_analyzer_1762561599/operations/92bc54d8-d4d6-4623-b4ef-aa2ce840d770?api-version=2025-11-01",
        "request-id": "92bc54d8-d4d6-4623-b4ef-aa2ce840d770",
        "Strict-Transport-Security": "max-age=31536000; includeSubDomains; preload",
        "Transfer-Encoding": "chunked",
        "X-Content-Type-Options": "nosniff",
        "x-envoy-upstream-service-time": "147",
        "x-ms-region": "West US 3",
        "x-ms-request-id": "Sanitized"
      },
      "ResponseBody": {
        "analyzerId": "test_analyzer_1762561599",
        "description": "Test analyzer for extraction",
        "createdAt": "2025-11-08T00:26:39Z",
        "lastModifiedAt": "2025-11-08T00:26:39Z",
        "baseAnalyzerId": "prebuilt-document",
        "config": {
          "returnDetails": true,
          "enableOcr": true,
          "enableLayout": true,
          "enableFormula": true,
          "enableFigureDescription": false,
          "enableFigureAnalysis": false,
          "chartFormat": "chartjs",
          "tableFormat": "html",
          "enableSegment": false,
          "omitContent": false,
          "segmentPerPage": false,
          "enableAnnotations": false,
          "annotationFormat": "markdown"
        },
        "fieldSchema": {
          "name": "Sanitized",
          "description": "Schema for test",
          "fields": {
            "test_field": {
              "type": "string",
              "method": "extract",
              "description": "Test field"
            }
          }
        },
        "warnings": [],
        "status": "creating",
        "processingLocation": "geography",
        "supportedModels": {
          "completion": [
            "gpt-4o",
            "gpt-4o-mini",
            "gpt-4.1",
            "gpt-4.1-mini",
            "gpt-4.1-nano"
          ],
          "embedding": [
            "text-embedding-3-small",
            "text-embedding-3-large",
            "text-embedding-ada-002"
          ]
        },
        "models": {
          "completion": "gpt-4o-mini",
          "embedding": "text-embedding-3-large"
        }
      }
    },
    {
      "RequestUri": "https://endpoint/contentunderstanding/analyzers/test_analyzer_1762561599/operations/92bc54d8-d4d6-4623-b4ef-aa2ce840d770?api-version=2025-11-01",
      "RequestMethod": "GET",
      "RequestHeaders": {
        "Accept": "application/json",
        "Accept-Encoding": "gzip,deflate",
        "Connection": "keep-alive",
        "Ocp-Apim-Subscription-Key": "Sanitized",
        "User-Agent": "azsdk-js-client azsdk-js-api azsdk-js-ai-content-understanding/1.0.0-beta.1 core-rest-pipeline/1.22.2 Node/22.21.0 (Linux 5.15.167.4-microsoft-standard-WSL2; x64)",
        "x-ms-client-request-id": "Sanitized"
      },
      "RequestBody": null,
      "StatusCode": 200,
      "ResponseHeaders": {
        "api-supported-versions": "2025-05-01-preview,2025-11-01",
        "apim-request-id": "24f88a41-3f9a-4cb6-bc72-c37a43d03703",
        "Content-Type": "application/json",
        "Date": "Sat, 08 Nov 2025 00:26:39 GMT",
        "request-id": "24f88a41-3f9a-4cb6-bc72-c37a43d03703",
        "Strict-Transport-Security": "max-age=31536000; includeSubDomains; preload",
        "Transfer-Encoding": "chunked",
        "X-Content-Type-Options": "nosniff",
        "x-envoy-upstream-service-time": "57",
        "x-ms-region": "West US 3",
        "x-ms-request-id": "Sanitized"
      },
      "ResponseBody": {
        "id": "92bc54d8-d4d6-4623-b4ef-aa2ce840d770",
        "status": "Running",
        "result": {
          "analyzerId": "test_analyzer_1762561599",
          "description": "Test analyzer for extraction",
          "createdAt": "2025-11-08T00:26:39Z",
          "lastModifiedAt": "2025-11-08T00:26:39Z",
          "baseAnalyzerId": "prebuilt-document",
          "config": {
            "returnDetails": true,
            "enableOcr": true,
            "enableLayout": true,
            "enableFormula": true,
            "enableFigureDescription": false,
            "enableFigureAnalysis": false,
            "chartFormat": "chartjs",
            "tableFormat": "html",
            "enableSegment": false,
            "omitContent": false,
            "segmentPerPage": false,
            "enableAnnotations": false,
            "annotationFormat": "markdown"
          },
          "fieldSchema": {
            "name": "Sanitized",
            "description": "Schema for test",
            "fields": {
              "test_field": {
                "type": "string",
                "method": "extract",
                "description": "Test field"
              }
            }
          },
          "warnings": [],
          "status": "creating",
          "processingLocation": "geography",
          "supportedModels": {
            "completion": [
              "gpt-4o",
              "gpt-4o-mini",
              "gpt-4.1",
              "gpt-4.1-mini",
              "gpt-4.1-nano"
            ],
            "embedding": [
              "text-embedding-3-small",
              "text-embedding-3-large",
              "text-embedding-ada-002"
            ]
          },
          "models": {
            "completion": "gpt-4o-mini",
            "embedding": "text-embedding-3-large"
          }
        }
      }
    },
    {
      "RequestUri": "https://endpoint/contentunderstanding/analyzers/test_analyzer_1762561599/operations/92bc54d8-d4d6-4623-b4ef-aa2ce840d770?api-version=2025-11-01",
      "RequestMethod": "GET",
      "RequestHeaders": {
        "Accept": "application/json",
        "Accept-Encoding": "gzip,deflate",
        "Connection": "keep-alive",
        "Ocp-Apim-Subscription-Key": "Sanitized",
        "User-Agent": "azsdk-js-client azsdk-js-api azsdk-js-ai-content-understanding/1.0.0-beta.1 core-rest-pipeline/1.22.2 Node/22.21.0 (Linux 5.15.167.4-microsoft-standard-WSL2; x64)",
        "x-ms-client-request-id": "Sanitized"
      },
      "RequestBody": null,
      "StatusCode": 200,
      "ResponseHeaders": {
        "api-supported-versions": "2025-05-01-preview,2025-11-01",
        "apim-request-id": "80313006-19ba-4b2f-9566-f5f666d7c2d8",
        "Content-Type": "application/json",
        "Date": "Sat, 08 Nov 2025 00:26:41 GMT",
        "request-id": "80313006-19ba-4b2f-9566-f5f666d7c2d8",
        "Strict-Transport-Security": "max-age=31536000; includeSubDomains; preload",
        "Transfer-Encoding": "chunked",
        "X-Content-Type-Options": "nosniff",
        "x-envoy-upstream-service-time": "56",
        "x-ms-region": "West US 3",
        "x-ms-request-id": "Sanitized"
      },
      "ResponseBody": {
        "id": "92bc54d8-d4d6-4623-b4ef-aa2ce840d770",
        "status": "Running",
        "result": {
          "analyzerId": "test_analyzer_1762561599",
          "description": "Test analyzer for extraction",
          "createdAt": "2025-11-08T00:26:39Z",
          "lastModifiedAt": "2025-11-08T00:26:39Z",
          "baseAnalyzerId": "prebuilt-document",
          "config": {
            "returnDetails": true,
            "enableOcr": true,
            "enableLayout": true,
            "enableFormula": true,
            "enableFigureDescription": false,
            "enableFigureAnalysis": false,
            "chartFormat": "chartjs",
            "tableFormat": "html",
            "enableSegment": false,
            "omitContent": false,
            "segmentPerPage": false,
            "enableAnnotations": false,
            "annotationFormat": "markdown"
          },
          "fieldSchema": {
            "name": "Sanitized",
            "description": "Schema for test",
            "fields": {
              "test_field": {
                "type": "string",
                "method": "extract",
                "description": "Test field"
              }
            }
          },
          "warnings": [],
          "status": "creating",
          "processingLocation": "geography",
          "supportedModels": {
            "completion": [
              "gpt-4o",
              "gpt-4o-mini",
              "gpt-4.1",
              "gpt-4.1-mini",
              "gpt-4.1-nano"
            ],
            "embedding": [
              "text-embedding-3-small",
              "text-embedding-3-large",
              "text-embedding-ada-002"
            ]
          },
          "models": {
            "completion": "gpt-4o-mini",
            "embedding": "text-embedding-3-large"
          }
        }
      }
    },
    {
      "RequestUri": "https://endpoint/contentunderstanding/analyzers/test_analyzer_1762561599/operations/92bc54d8-d4d6-4623-b4ef-aa2ce840d770?api-version=2025-11-01",
      "RequestMethod": "GET",
      "RequestHeaders": {
        "Accept": "application/json",
        "Accept-Encoding": "gzip,deflate",
        "Connection": "keep-alive",
        "Ocp-Apim-Subscription-Key": "Sanitized",
        "User-Agent": "azsdk-js-client azsdk-js-api azsdk-js-ai-content-understanding/1.0.0-beta.1 core-rest-pipeline/1.22.2 Node/22.21.0 (Linux 5.15.167.4-microsoft-standard-WSL2; x64)",
        "x-ms-client-request-id": "Sanitized"
      },
      "RequestBody": null,
      "StatusCode": 200,
      "ResponseHeaders": {
        "api-supported-versions": "2025-05-01-preview,2025-11-01",
        "apim-request-id": "58cea3cb-494d-41a3-9719-9889780880f9",
        "Content-Type": "application/json",
        "Date": "Sat, 08 Nov 2025 00:26:43 GMT",
        "request-id": "58cea3cb-494d-41a3-9719-9889780880f9",
        "Strict-Transport-Security": "max-age=31536000; includeSubDomains; preload",
        "Transfer-Encoding": "chunked",
        "X-Content-Type-Options": "nosniff",
        "x-envoy-upstream-service-time": "56",
        "x-ms-region": "West US 3",
        "x-ms-request-id": "Sanitized"
      },
      "ResponseBody": {
        "id": "92bc54d8-d4d6-4623-b4ef-aa2ce840d770",
        "status": "Succeeded",
        "result": {
          "analyzerId": "test_analyzer_1762561599",
          "description": "Test analyzer for extraction",
          "createdAt": "2025-11-08T00:26:39Z",
          "lastModifiedAt": "2025-11-08T00:26:42Z",
          "baseAnalyzerId": "prebuilt-document",
          "config": {
            "returnDetails": true,
            "enableOcr": true,
            "enableLayout": true,
            "enableFormula": true,
            "enableFigureDescription": false,
            "enableFigureAnalysis": false,
            "chartFormat": "chartjs",
            "tableFormat": "html",
            "enableSegment": false,
            "omitContent": false,
            "segmentPerPage": false,
            "enableAnnotations": false,
            "annotationFormat": "markdown"
          },
          "fieldSchema": {
            "name": "Sanitized",
            "description": "Schema for test",
            "fields": {
              "test_field": {
                "type": "string",
                "method": "extract",
                "description": "Test field"
              }
            }
          },
          "warnings": [],
          "status": "ready",
          "processingLocation": "geography",
          "supportedModels": {
            "completion": [
              "gpt-4o",
              "gpt-4o-mini",
              "gpt-4.1",
              "gpt-4.1-mini",
              "gpt-4.1-nano"
            ],
            "embedding": [
              "text-embedding-3-small",
              "text-embedding-3-large",
              "text-embedding-ada-002"
            ]
          },
          "models": {
            "completion": "gpt-4o-mini",
            "embedding": "text-embedding-3-large"
          }
        }
      }
    },
    {
      "RequestUri": "https://endpoint/contentunderstanding/analyzers/test_analyzer_1762561599?api-version=2025-11-01",
      "RequestMethod": "GET",
      "RequestHeaders": {
        "Accept": "application/json",
        "Accept-Encoding": "gzip,deflate",
        "Connection": "keep-alive",
        "Ocp-Apim-Subscription-Key": "Sanitized",
        "User-Agent": "azsdk-js-client azsdk-js-api azsdk-js-ai-content-understanding/1.0.0-beta.1 core-rest-pipeline/1.22.2 Node/22.21.0 (Linux 5.15.167.4-microsoft-standard-WSL2; x64)",
        "x-ms-client-request-id": "Sanitized"
      },
      "RequestBody": null,
      "StatusCode": 200,
      "ResponseHeaders": {
        "api-supported-versions": "2025-05-01-preview,2025-11-01",
        "apim-request-id": "875456f0-ab34-4b5f-84c5-b54f7e51c676",
        "Content-Type": "application/json",
        "Date": "Sat, 08 Nov 2025 00:26:43 GMT",
        "request-id": "875456f0-ab34-4b5f-84c5-b54f7e51c676",
        "Strict-Transport-Security": "max-age=31536000; includeSubDomains; preload",
        "Transfer-Encoding": "chunked",
        "X-Content-Type-Options": "nosniff",
        "x-envoy-upstream-service-time": "26",
        "x-ms-region": "West US 3",
        "x-ms-request-id": "Sanitized"
      },
      "ResponseBody": {
        "analyzerId": "test_analyzer_1762561599",
        "description": "Test analyzer for extraction",
        "createdAt": "2025-11-08T00:26:39Z",
        "lastModifiedAt": "2025-11-08T00:26:42Z",
        "baseAnalyzerId": "prebuilt-document",
        "config": {
          "returnDetails": true,
          "enableOcr": true,
          "enableLayout": true,
          "enableFormula": true,
          "enableFigureDescription": false,
          "enableFigureAnalysis": false,
          "chartFormat": "chartjs",
          "tableFormat": "html",
          "enableSegment": false,
          "omitContent": false,
          "segmentPerPage": false,
          "enableAnnotations": false,
          "annotationFormat": "markdown"
        },
        "fieldSchema": {
          "name": "Sanitized",
          "description": "Schema for test",
          "fields": {
            "test_field": {
              "type": "string",
              "method": "extract",
              "description": "Test field"
            }
          }
        },
        "warnings": [],
        "status": "ready",
        "processingLocation": "geography",
        "supportedModels": {
          "completion": [
            "gpt-4o",
            "gpt-4o-mini",
            "gpt-4.1",
            "gpt-4.1-mini",
            "gpt-4.1-nano"
          ],
          "embedding": [
            "text-embedding-3-small",
            "text-embedding-3-large",
            "text-embedding-ada-002"
          ]
        },
        "models": {
          "completion": "gpt-4o-mini",
          "embedding": "text-embedding-3-large"
        }
      }
    },
    {
      "RequestUri": "https://endpoint/contentunderstanding/analyzers/test_analyzer_1762561599?api-version=2025-11-01",
      "RequestMethod": "PATCH",
      "RequestHeaders": {
        "Accept": "application/json",
        "Accept-Encoding": "gzip,deflate",
        "Connection": "keep-alive",
        "Content-Length": "151",
        "Content-Type": "application/merge-patch+json",
        "Ocp-Apim-Subscription-Key": "Sanitized",
        "User-Agent": "azsdk-js-client azsdk-js-api azsdk-js-ai-content-understanding/1.0.0-beta.1 core-rest-pipeline/1.22.2 Node/22.21.0 (Linux 5.15.167.4-microsoft-standard-WSL2; x64)",
        "x-ms-client-request-id": "Sanitized"
      },
      "RequestBody": {
        "description": "Updated test analyzer",
        "baseAnalyzerId": "prebuilt-document",
        "models": {
          "completion": "gpt-4o-mini",
          "embedding": "text-embedding-3-large"
        }
      },
      "StatusCode": 200,
      "ResponseHeaders": {
        "api-supported-versions": "2025-05-01-preview,2025-11-01",
        "apim-request-id": "0039383e-8d88-4847-92d2-7dd3385d7a39",
        "Content-Type": "application/json",
        "Date": "Sat, 08 Nov 2025 00:26:43 GMT",
        "request-id": "0039383e-8d88-4847-92d2-7dd3385d7a39",
        "Strict-Transport-Security": "max-age=31536000; includeSubDomains; preload",
        "Transfer-Encoding": "chunked",
        "X-Content-Type-Options": "nosniff",
        "x-envoy-upstream-service-time": "35",
        "x-ms-region": "West US 3",
        "x-ms-request-id": "Sanitized"
      },
      "ResponseBody": {
        "analyzerId": "test_analyzer_1762561599",
        "description": "Updated test analyzer",
        "baseAnalyzerId": "prebuilt-document",
        "config": {},
        "warnings": [],
        "status": "undefined",
        "processingLocation": "geography",
        "models": {
          "completion": "gpt-4o-mini",
          "embedding": "text-embedding-3-large"
        }
      }
    },
    {
      "RequestUri": "https://endpoint/contentunderstanding/analyzers/test_analyzer_1762561599?api-version=2025-11-01",
      "RequestMethod": "DELETE",
      "RequestHeaders": {
        "Accept": "application/json",
        "Accept-Encoding": "gzip,deflate",
        "Connection": "keep-alive",
        "Ocp-Apim-Subscription-Key": "Sanitized",
        "User-Agent": "azsdk-js-client azsdk-js-api azsdk-js-ai-content-understanding/1.0.0-beta.1 core-rest-pipeline/1.22.2 Node/22.21.0 (Linux 5.15.167.4-microsoft-standard-WSL2; x64)",
        "x-ms-client-request-id": "Sanitized"
      },
      "RequestBody": null,
      "StatusCode": 204,
      "ResponseHeaders": {
        "api-supported-versions": "2025-05-01-preview,2025-11-01",
        "apim-request-id": "c17c6309-4467-4f37-8dfb-6f3e89c5f2da",
        "Content-Length": "0",
        "Date": "Sat, 08 Nov 2025 00:26:43 GMT",
        "request-id": "c17c6309-4467-4f37-8dfb-6f3e89c5f2da",
        "Strict-Transport-Security": "max-age=31536000; includeSubDomains; preload",
        "X-Content-Type-Options": "nosniff",
        "x-envoy-upstream-service-time": "65",
        "x-ms-region": "West US 3",
        "x-ms-request-id": "Sanitized"
      },
      "ResponseBody": null
    }
  ],
  "Variables": {
    "testAnalyzerId": "test_analyzer_1762561599"
  }
}
